{
  "acl": "2.3.1-2",
  "amd-ucode": "20220411.705f19a-1",
  "archlinux-keyring": "20220424-1",
  "argon2": "20190702-4",
  "attr": "2.5.1-2",
  "audit": "3.0.8-1",
  "autoconf": "2.71-1",
  "automake": "1.16.5-1",
  "b43-fwcutter": "019-3",
  "base": "2-2",
  "bash": "5.1.016-1",
  "binutils": "2.38-5",
  "bison": "3.8.2-4",
  "brotli": "1.0.9-8",
  "brotli-testdata": "1.0.9-8",
  "btrfs-progs": "5.17-1",
  "bzip2": "1.0.8-4",
  "ca-certificates": "20210603-1",
  "ca-certificates-mozilla": "3.78-1",
  "ca-certificates-utils": "20210603-1",
  "coreutils": "9.1-1",
  "cracklib": "2.9.7-2",
  "cronie": "1.6.1-1",
  "cryptsetup": "2.4.3-2",
  "curl": "7.83.1-1",
  "dash": "0.5.11.5-1",
  "db": "5.3.28-5",
  "dbus": "1.14.0-1",
  "dbus-docs": "1.14.0-1",
  "debuginfod": "0.187-1",
  "device-mapper": "2.03.15-1",
  "dhcpcd": "9.4.1-1",
  "dialog": "1:1.3_20220414-1",
  "diffutils": "3.8-1",
  "ding-libs": "0.6.1-4",
  "dmraid": "1.0.0.rc16.3-13",
  "dnssec-anchors": "20190629-3",
  "dosfstools": "4.2-2",
  "e2fsprogs": "1.46.5-3",
  "ed": "1.18-1",
  "efibootmgr": "17-2",
  "efivar": "38-2",
  "elfutils": "0.187-1",
  "expat": "2.4.8-1",
  "fakeroot": "1.28-1",
  "file": "5.41-1",
  "filesystem": "2021.12.07-1",
  "findutils": "4.9.0-1",
  "flex": "2.6.4-3",
  "fuse2fs": "1.46.5-3",
  "gawk": "5.1.1-1",
  "gc": "8.2.0-3",
  "gcc": "12.1.0-1",
  "gcc-ada": "12.1.0-1",
  "gcc-fortran": "12.1.0-1",
  "gcc-go": "12.1.0-1",
  "gcc-libs": "12.1.0-1",
  "gcc-objc": "12.1.0-1",
  "gdbm": "1.23-1",
  "gettext": "0.21-2",
  "glib2": "2.72.1-1",
  "glib2-docs": "2.72.1-1",
  "glibc": "2.35-4",
  "gmp": "6.2.1-1",
  "gnupg": "2.2.35-2",
  "gnutls": "3.7.4-3",
  "gpgme": "1.17.1-1",
  "gpm": "1.20.7.r38.ge82d1a6-4",
  "grep": "3.7-1",
  "groff": "1.22.4-7",
  "grub": "2:2.06-5",
  "gssproxy": "0.8.4-1",
  "guile": "2.2.7-2",
  "gzip": "1.12-1",
  "hdparm": "9.63-2",
  "hwdata": "0.359-1",
  "iana-etc": "20220427-1",
  "icu": "71.1-1",
  "inetutils": "2.2-1",
  "iproute2": "5.17.0-3",
  "iptables": "1:1.8.7-1",
  "iptables-nft": "1:1.8.7-1",
  "iputils": "20211215-1",
  "ipw2100-fw": "1.3-10",
  "ipw2200-fw": "3.1-8",
  "iw": "5.16-1",
  "jfsutils": "1.1.15-8",
  "json-c": "0.16-1",
  "kbd": "2.4.0-2",
  "keyutils": "1.6.3-1",
  "kmod": "29-3",
  "krb5": "1.19.3-1",
  "ldns": "1.8.1-1",
  "lemon": "3.38.5-1",
  "less": "1:590-1",
  "lib32-gcc-libs": "12.1.0-1",
  "lib32-glibc": "2.35-4",
  "libaio": "0.3.113-1",
  "libarchive": "3.6.1-1",
  "libassuan": "2.5.5-1",
  "libbpf": "0.7.0-1",
  "libcap": "2.64-1",
  "libcap-ng": "0.8.3-1",
  "libcurl-compat": "7.83.1-1",
  "libcurl-gnutls": "7.83.1-1",
  "libedit": "20210910_3.1-1",
  "libelf": "0.187-1",
  "libevent": "2.1.12-1",
  "libffi": "3.4.2-5",
  "libgccjit": "12.1.0-1",
  "libgcrypt": "1.10.1-1",
  "libgpg-error": "1.45-1",
  "libgssglue": "0.4-4",
  "libidn2": "2.3.2-1",
  "libinih": "55-2",
  "libisl": "0.24-4",
  "libksba": "1.6.0-1",
  "libldap": "2.6.1-1",
  "libmicrohttpd": "0.9.75-1",
  "libmnl": "1.0.5-1",
  "libmpc": "1.2.1-2",
  "libnetfilter_conntrack": "1.0.9-1",
  "libnfnetlink": "1.0.2-1",
  "libnftnl": "1.2.1-1",
  "libnghttp2": "1.47.0-1",
  "libnl": "3.6.0-3",
  "libnsl": "2.0.0-2",
  "libp11-kit": "0.24.1-1",
  "libpcap": "1.10.1-2",
  "libpipeline": "1.5.6-1",
  "libpsl": "0.21.1-1",
  "libsasl": "2.1.28-1",
  "libseccomp": "2.5.4-1",
  "libsecret": "0.20.5-2",
  "libsecret-docs": "0.20.5-2",
  "libssh2": "1.10.0-1",
  "libtasn1": "4.18.0-1",
  "libtirpc": "1.3.2-1",
  "libtool": "2.4.7-2",
  "libunistring": "1.0-1",
  "libusb": "1.0.26-1",
  "libxcrypt": "4.4.28-2",
  "libxcrypt-compat": "4.4.28-2",
  "libxml2": "2.9.14-1",
  "licenses": "20220125-1",
  "links": "2.26-1",
  "linux": "5.17.6.arch1-1",
  "linux-api-headers": "5.17.5-2",
  "linux-docs": "5.17.6.arch1-1",
  "linux-firmware": "20220411.705f19a-1",
  "linux-firmware-bnx2x": "20220411.705f19a-1",
  "linux-firmware-liquidio": "20220411.705f19a-1",
  "linux-firmware-marvell": "20220411.705f19a-1",
  "linux-firmware-mellanox": "20220411.705f19a-1",
  "linux-firmware-nfp": "20220411.705f19a-1",
  "linux-firmware-qcom": "20220411.705f19a-1",
  "linux-firmware-qlogic": "20220411.705f19a-1",
  "linux-firmware-whence": "20220411.705f19a-1",
  "linux-headers": "5.17.6.arch1-1",
  "linux-lts": "5.15.38-1",
  "linux-lts-docs": "5.15.38-1",
  "linux-lts-headers": "5.15.38-1",
  "logrotate": "3.19.0-1",
  "lvm2": "2.03.15-1",
  "lz4": "1:1.9.3-2",
  "lzo": "2.10-3",
  "m4": "1.4.19-1",
  "make": "4.3-3",
  "man-db": "2.10.2-1",
  "man-pages": "5.13-1",
  "mdadm": "4.2-2",
  "minizip": "1:1.2.12-2",
  "mkinitcpio": "31-2",
  "mkinitcpio-busybox": "1.35.0-1",
  "mkinitcpio-nfs-utils": "0.3-7",
  "mlocate": "0.26.git.20170220-7",
  "mpfr": "4.1.0.p13-2",
  "nano": "6.3-1",
  "ncurses": "6.3-3",
  "net-tools": "2.10-1",
  "netctl": "1.28-1",
  "nettle": "3.7.3-1",
  "nfs-utils": "2.6.1-1",
  "nfsidmap": "2.6.1-1",
  "nilfs-utils": "2.2.8-2",
  "npth": "1.6-3",
  "nspr": "4.33-2",
  "nss": "3.78-1",
  "openldap": "2.6.1-1",
  "openresolv": "3.12.0-1",
  "openssh": "9.0p1-1",
  "openssl-1.0": "1.0.2.u-1",
  "openssl": "1.1.1.o-1",
  "p11-kit": "0.24.1-1",
  "pacman": "6.0.1-5",
  "pacman-mirrorlist": "20220501-1",
  "pam": "1.5.2-1",
  "pambase": "20211210-1",
  "patch": "2.7.6-8",
  "pciutils": "3.8.0-1",
  "pcre": "8.45-1",
  "pcre2": "10.40-1",
  "perl": "5.34.1-1",
  "pinentry": "1.2.0-1",
  "pkgconf": "1.8.0-1",
  "popt": "1.18-3",
  "ppp": "2.4.9-1",
  "pptpclient": "1.10.0-2",
  "procps-ng": "3.3.17-1",
  "psmisc": "23.5-1",
  "python": "3.10.4-1",
  "python-audit": "3.0.8-1",
  "python-brotli": "1.0.9-8",
  "python-capng": "0.8.3-1",
  "python-gpgme": "1.17.1-1",
  "python-libseccomp": "2.5.4-1",
  "python-tests": "3.10.4-1",
  "qgpgme": "1.17.1-1",
  "readline": "8.1.002-1",
  "reiserfsprogs": "3.6.27-3",
  "rpcbind": "1.2.6-2",
  "run-parts": "5.5-1",
  "s-nail": "14.9.23-1",
  "sdparm": "1.12-1",
  "sed": "4.8-1",
  "shadow": "4.11.1-1",
  "sqlite": "3.38.5-1",
  "sqlite-analyzer": "3.38.5-1",
  "sqlite-doc": "3.38.5-1",
  "sqlite-tcl": "3.38.5-1",
  "sudo": "1.9.10-1",
  "sysfsutils": "2.1.1-1",
  "syslinux": "6.04.pre2.r11.gbf6db5b4-3",
  "systemd": "250.5-1",
  "systemd-libs": "250.5-1",
  "systemd-resolvconf": "250.5-1",
  "systemd-sysvcompat": "250.5-1",
  "tar": "1.34-1",
  "texinfo": "6.8-2",
  "thin-provisioning-tools": "0.9.0-1",
  "tpm2-tss": "3.2.0-1",
  "traceroute": "2.1.0-5",
  "tzdata": "2022a-1",
  "unixodbc": "2.3.10-1",
  "usbutils": "014-2",
  "util-linux": "2.38-1",
  "util-linux-libs": "2.38-1",
  "vi": "1:070224-5",
  "which": "2.21-5",
  "wireless-regdb": "2022.04.08-1",
  "wpa_supplicant": "2:2.10-4",
  "xfsprogs": "5.16.0-1",
  "xz": "5.2.5-3",
  "zlib": "1:1.2.12-2",
  "zstd": "1.5.2-3"
}